
SCRIPTS:

1   C:/TraceR/script-3.R

INPUTS:

1   C:/TraceR/file-6.csv

OUTPUTS:

1   C:/TraceR/file-6.csv
1   C:/TraceR/file-7.csv

